--- STARTING TIER LOGIC TEST ---

1. Creating new Quote...
Quote Created: f4efbef4-4600-48a4-aa8c-8d718a32f02a

2. Creating Board with 0 Tiers (Cubic)...
Board Created: 6c1124ea-5685-4e3f-94dc-5fbb4534c259
[PASS] 1A-TIERS: Expected 0, Got 0
[PASS] MISC-LABELS: Expected 0, Got 0
[PASS] MISC-DELIVERY-UTE: Expected 0, Got 0

4. Creating Board with 1 Tier (Cubic)...
node : [FAIL] 1A-TIERS: 
Expected 1, Got 0
At line:1 char:1
+ node 
scripts/test-tier-logic.js > 
test_output.txt 2>&1
+ ~~~~~~~~~~~~~~~~~~~~~~~~~~~~~
~~~~~~~~~~~~~~~~~~~~~~~~~
    + CategoryInfo          :  
   NotSpecified: ([FAIL] 1A-T  
  IERS: Expected 1, Got 0:St   
 ring) [], RemoteException
    + FullyQualifiedErrorId :  
   NativeCommandError
 
Test Failed: Verification 
failed for 1A-TIERS
